2018-05-02 23:29:43.067  INFO 13876 --- [restartedMain] c.e.a.api.AlgamoneyApiApplication        : Starting AlgamoneyApiApplication on DESKTOP-9S8QNIE with PID 13876 (D:\Documents\sts-workspace\algamoney-api\target\classes started by Wenceslau Neto in D:\Documents\sts-workspace\algamoney-api)
2018-05-02 23:29:43.078 DEBUG 13876 --- [restartedMain] c.e.a.api.AlgamoneyApiApplication        : Running with Spring Boot v1.5.10.RELEASE, Spring v4.3.14.RELEASE
2018-05-02 23:29:43.078  INFO 13876 --- [restartedMain] c.e.a.api.AlgamoneyApiApplication        : The following profiles are active: basic-security
2018-05-02 23:29:43.267  INFO 13876 --- [restartedMain] ationConfigEmbeddedWebApplicationContext : Refreshing org.springframework.boot.context.embedded.AnnotationConfigEmbeddedWebApplicationContext@1891bd9: startup date [Wed May 02 23:29:43 BRT 2018]; root of context hierarchy
2018-05-02 23:29:44.161  INFO 13876 --- [restartedMain] f.a.AutowiredAnnotationBeanPostProcessor : JSR-330 'javax.inject.Inject' annotation found and supported for autowiring
2018-05-02 23:29:44.285  INFO 13876 --- [restartedMain] trationDelegate$BeanPostProcessorChecker : Bean 'org.springframework.transaction.annotation.ProxyTransactionManagementConfiguration' of type [org.springframework.transaction.annotation.ProxyTransactionManagementConfiguration$$EnhancerBySpringCGLIB$$7c185df0] is not eligible for getting processed by all BeanPostProcessors (for example: not eligible for auto-proxying)
2018-05-02 23:29:44.759  INFO 13876 --- [restartedMain] s.b.c.e.t.TomcatEmbeddedServletContainer : Tomcat initialized with port(s): 8080 (http)
2018-05-02 23:29:44.759  INFO 13876 --- [restartedMain] o.apache.catalina.core.StandardService   : Starting service [Tomcat]
2018-05-02 23:29:44.775  INFO 13876 --- [restartedMain] org.apache.catalina.core.StandardEngine  : Starting Servlet Engine: Apache Tomcat/8.5.27
2018-05-02 23:29:44.869  INFO 13876 --- [localhost-startStop-1] o.a.c.c.C.[Tomcat].[localhost].[/]       : Initializing Spring embedded WebApplicationContext
2018-05-02 23:29:44.869  INFO 13876 --- [localhost-startStop-1] o.s.web.context.ContextLoader            : Root WebApplicationContext: initialization completed in 1602 ms
2018-05-02 23:29:45.056  INFO 13876 --- [localhost-startStop-1] o.s.b.w.servlet.FilterRegistrationBean   : Mapping filter: 'corsFilter' to: [/*]
2018-05-02 23:29:45.056  INFO 13876 --- [localhost-startStop-1] o.s.b.w.servlet.FilterRegistrationBean   : Mapping filter: 'refreshTokenCookiePreProcessorFilter' to: [/*]
2018-05-02 23:29:45.056  INFO 13876 --- [localhost-startStop-1] o.s.b.w.servlet.FilterRegistrationBean   : Mapping filter: 'characterEncodingFilter' to: [/*]
2018-05-02 23:29:45.056  INFO 13876 --- [localhost-startStop-1] o.s.b.w.servlet.FilterRegistrationBean   : Mapping filter: 'hiddenHttpMethodFilter' to: [/*]
2018-05-02 23:29:45.056  INFO 13876 --- [localhost-startStop-1] o.s.b.w.servlet.FilterRegistrationBean   : Mapping filter: 'httpPutFormContentFilter' to: [/*]
2018-05-02 23:29:45.056  INFO 13876 --- [localhost-startStop-1] o.s.b.w.servlet.FilterRegistrationBean   : Mapping filter: 'requestContextFilter' to: [/*]
2018-05-02 23:29:45.056  INFO 13876 --- [localhost-startStop-1] .s.DelegatingFilterProxyRegistrationBean : Mapping filter: 'springSecurityFilterChain' to: [/*]
2018-05-02 23:29:45.056  INFO 13876 --- [localhost-startStop-1] o.s.b.w.servlet.ServletRegistrationBean  : Mapping servlet: 'dispatcherServlet' to [/]
2018-05-02 23:29:45.213  INFO 13876 --- [restartedMain] o.f.core.internal.util.VersionPrinter    : Flyway 3.2.1 by Boxfuse
2018-05-02 23:29:45.356  INFO 13876 --- [restartedMain] o.f.c.i.dbsupport.DbSupportFactory       : Database: jdbc:mysql://localhost/algamoneyapi?createDatabaseIfNotExist=true&useSSL=false (MySQL 5.7)
2018-05-02 23:29:45.388  INFO 13876 --- [restartedMain] o.f.core.internal.command.DbValidate     : Validated 5 migrations (execution time 00:00.016s)
2018-05-02 23:29:45.419  INFO 13876 --- [restartedMain] o.f.core.internal.command.DbMigrate      : Current version of schema `algamoneyapi`: 05
2018-05-02 23:29:45.419  WARN 13876 --- [restartedMain] o.f.core.internal.command.DbMigrate      : Schema `algamoneyapi` has a version (05) that is newer than the latest available migration (04) !
2018-05-02 23:29:45.419  INFO 13876 --- [restartedMain] o.f.core.internal.command.DbMigrate      : Schema `algamoneyapi` is up to date. No migration necessary.
2018-05-02 23:29:45.513  INFO 13876 --- [restartedMain] j.LocalContainerEntityManagerFactoryBean : Building JPA container EntityManagerFactory for persistence unit 'default'
2018-05-02 23:29:45.528  INFO 13876 --- [restartedMain] o.hibernate.jpa.internal.util.LogHelper  : HHH000204: Processing PersistenceUnitInfo [
	name: default
	...]
2018-05-02 23:29:45.575  INFO 13876 --- [restartedMain] org.hibernate.Version                    : HHH000412: Hibernate Core {5.0.12.Final}
2018-05-02 23:29:45.575  INFO 13876 --- [restartedMain] org.hibernate.cfg.Environment            : HHH000206: hibernate.properties not found
2018-05-02 23:29:45.575  INFO 13876 --- [restartedMain] org.hibernate.cfg.Environment            : HHH000021: Bytecode provider name : javassist
2018-05-02 23:29:45.606  INFO 13876 --- [restartedMain] o.hibernate.annotations.common.Version   : HCANN000001: Hibernate Commons Annotations {5.0.1.Final}
2018-05-02 23:29:45.675  INFO 13876 --- [restartedMain] org.hibernate.dialect.Dialect            : HHH000400: Using dialect: org.hibernate.dialect.MySQL5Dialect
2018-05-02 23:29:46.019  INFO 13876 --- [restartedMain] j.LocalContainerEntityManagerFactoryBean : Initialized JPA EntityManagerFactory for persistence unit 'default'
2018-05-02 23:29:46.481  WARN 13876 --- [restartedMain] org.thymeleaf.templatemode.TemplateMode  : [THYMELEAF][restartedMain] Template Mode 'HTML5' is deprecated. Using Template Mode 'HTML' instead.
2018-05-02 23:29:47.097  INFO 13876 --- [restartedMain] o.s.s.web.DefaultSecurityFilterChain     : Creating filter chain: org.springframework.security.web.util.matcher.AnyRequestMatcher@1, [org.springframework.security.web.context.request.async.WebAsyncManagerIntegrationFilter@1ca55db, org.springframework.security.web.context.SecurityContextPersistenceFilter@134212b, org.springframework.security.web.header.HeaderWriterFilter@5e8667, org.springframework.security.web.authentication.logout.LogoutFilter@51a079, org.springframework.security.web.authentication.www.BasicAuthenticationFilter@63bad3, org.springframework.security.web.savedrequest.RequestCacheAwareFilter@c47387, org.springframework.security.web.servletapi.SecurityContextHolderAwareRequestFilter@17425fc, org.springframework.security.web.authentication.AnonymousAuthenticationFilter@14c030e, org.springframework.security.web.session.SessionManagementFilter@15f94c2, org.springframework.security.web.access.ExceptionTranslationFilter@38209b, org.springframework.security.web.access.intercept.FilterSecurityInterceptor@11b75e5]
2018-05-02 23:29:47.316  INFO 13876 --- [restartedMain] s.w.s.m.m.a.RequestMappingHandlerAdapter : Looking for @ControllerAdvice: org.springframework.boot.context.embedded.AnnotationConfigEmbeddedWebApplicationContext@1891bd9: startup date [Wed May 02 23:29:43 BRT 2018]; root of context hierarchy
2018-05-02 23:29:47.331  INFO 13876 --- [restartedMain] s.w.s.m.m.a.RequestMappingHandlerAdapter : Detected ResponseBodyAdvice bean in refreshTokenPostProcessor
2018-05-02 23:29:47.362  INFO 13876 --- [restartedMain] s.w.s.m.m.a.RequestMappingHandlerMapping : Mapped "{[/categorias],methods=[GET]}" onto public java.util.List<com.exemplo.algamoney.api.model.Categoria> com.exemplo.algamoney.api.resource.CategoriaResource.listar()
2018-05-02 23:29:47.373  INFO 13876 --- [restartedMain] s.w.s.m.m.a.RequestMappingHandlerMapping : Mapped "{[/categorias],methods=[POST]}" onto public org.springframework.http.ResponseEntity<com.exemplo.algamoney.api.model.Categoria> com.exemplo.algamoney.api.resource.CategoriaResource.criar(com.exemplo.algamoney.api.model.Categoria,javax.servlet.http.HttpServletResponse)
2018-05-02 23:29:47.373  INFO 13876 --- [restartedMain] s.w.s.m.m.a.RequestMappingHandlerMapping : Mapped "{[/categorias/{codigo}],methods=[GET]}" onto public org.springframework.http.ResponseEntity<?> com.exemplo.algamoney.api.resource.CategoriaResource.buscarPeloCodigo(java.lang.Long)
2018-05-02 23:29:47.373  INFO 13876 --- [restartedMain] s.w.s.m.m.a.RequestMappingHandlerMapping : Mapped "{[/lancamentos/estatistica/por-dia],methods=[GET]}" onto public java.util.List<com.exemplo.algamoney.api.dto.LancamentoEstatisticaDia> com.exemplo.algamoney.api.resource.LancamentoResource.porDia()
2018-05-02 23:29:47.373  INFO 13876 --- [restartedMain] s.w.s.m.m.a.RequestMappingHandlerMapping : Mapped "{[/lancamentos],params=[resumo]}" onto public org.springframework.data.domain.Page<com.exemplo.algamoney.api.repository.projection.ResumoLancamento> com.exemplo.algamoney.api.resource.LancamentoResource.resumir(com.exemplo.algamoney.api.repository.filter.LancamentoFilter,org.springframework.data.domain.Pageable)
2018-05-02 23:29:47.373  INFO 13876 --- [restartedMain] s.w.s.m.m.a.RequestMappingHandlerMapping : Mapped "{[/lancamentos],methods=[POST]}" onto public org.springframework.http.ResponseEntity<com.exemplo.algamoney.api.model.Lancamento> com.exemplo.algamoney.api.resource.LancamentoResource.criar(com.exemplo.algamoney.api.model.Lancamento,javax.servlet.http.HttpServletResponse)
2018-05-02 23:29:47.373  INFO 13876 --- [restartedMain] s.w.s.m.m.a.RequestMappingHandlerMapping : Mapped "{[/lancamentos/{codigo}],methods=[DELETE]}" onto public void com.exemplo.algamoney.api.resource.LancamentoResource.remover(java.lang.Long)
2018-05-02 23:29:47.373  INFO 13876 --- [restartedMain] s.w.s.m.m.a.RequestMappingHandlerMapping : Mapped "{[/lancamentos]}" onto public org.springframework.data.domain.Page<com.exemplo.algamoney.api.model.Lancamento> com.exemplo.algamoney.api.resource.LancamentoResource.pesquisar(com.exemplo.algamoney.api.repository.filter.LancamentoFilter,org.springframework.data.domain.Pageable)
2018-05-02 23:29:47.373  INFO 13876 --- [restartedMain] s.w.s.m.m.a.RequestMappingHandlerMapping : Mapped "{[/lancamentos/{codigo}]}" onto public org.springframework.http.ResponseEntity<?> com.exemplo.algamoney.api.resource.LancamentoResource.buscaPorCodigo(java.lang.Long)
2018-05-02 23:29:47.373  INFO 13876 --- [restartedMain] s.w.s.m.m.a.RequestMappingHandlerMapping : Mapped "{[/lancamentos/estatistica/por-categoria],methods=[GET]}" onto public java.util.List<com.exemplo.algamoney.api.dto.LancamentoEstatisticaCategoria> com.exemplo.algamoney.api.resource.LancamentoResource.porCategoria()
2018-05-02 23:29:47.373  INFO 13876 --- [restartedMain] s.w.s.m.m.a.RequestMappingHandlerMapping : Mapped "{[/lancamentos/{codigo}],methods=[PUT]}" onto public org.springframework.http.ResponseEntity<com.exemplo.algamoney.api.model.Lancamento> com.exemplo.algamoney.api.resource.LancamentoResource.atualizar(java.lang.Long,com.exemplo.algamoney.api.model.Lancamento)
2018-05-02 23:29:47.373  INFO 13876 --- [restartedMain] s.w.s.m.m.a.RequestMappingHandlerMapping : Mapped "{[/lancamentos/relatorio/por-pessoa],methods=[GET]}" onto public org.springframework.http.ResponseEntity<byte[]> com.exemplo.algamoney.api.resource.LancamentoResource.relatorioPorPessoa(java.time.LocalDate,java.time.LocalDate) throws java.lang.Exception
2018-05-02 23:29:47.373  INFO 13876 --- [restartedMain] s.w.s.m.m.a.RequestMappingHandlerMapping : Mapped "{[/pessoas/{codigo}/ativo],methods=[PUT]}" onto public void com.exemplo.algamoney.api.resource.PessoaResource.atualizarPropriedadeAtivo(java.lang.Long,java.lang.Boolean)
2018-05-02 23:29:47.373  INFO 13876 --- [restartedMain] s.w.s.m.m.a.RequestMappingHandlerMapping : Mapped "{[/pessoas],methods=[POST]}" onto public org.springframework.http.ResponseEntity<com.exemplo.algamoney.api.model.Pessoa> com.exemplo.algamoney.api.resource.PessoaResource.criar(com.exemplo.algamoney.api.model.Pessoa,javax.servlet.http.HttpServletResponse)
2018-05-02 23:29:47.373  INFO 13876 --- [restartedMain] s.w.s.m.m.a.RequestMappingHandlerMapping : Mapped "{[/pessoas/{codigo}],methods=[GET]}" onto public org.springframework.http.ResponseEntity<?> com.exemplo.algamoney.api.resource.PessoaResource.buscarPorCodigo(java.lang.Long)
2018-05-02 23:29:47.373  INFO 13876 --- [restartedMain] s.w.s.m.m.a.RequestMappingHandlerMapping : Mapped "{[/pessoas/{codigo}],methods=[DELETE]}" onto public void com.exemplo.algamoney.api.resource.PessoaResource.deletePorCodigo(java.lang.Long)
2018-05-02 23:29:47.373  INFO 13876 --- [restartedMain] s.w.s.m.m.a.RequestMappingHandlerMapping : Mapped "{[/pessoas]}" onto public java.util.List<com.exemplo.algamoney.api.model.Pessoa> com.exemplo.algamoney.api.resource.PessoaResource.pesquisar(com.exemplo.algamoney.api.repository.filter.PessoaFilter)
2018-05-02 23:29:47.373  INFO 13876 --- [restartedMain] s.w.s.m.m.a.RequestMappingHandlerMapping : Mapped "{[/pessoas/{codigo}],methods=[PUT]}" onto public org.springframework.http.ResponseEntity<com.exemplo.algamoney.api.model.Pessoa> com.exemplo.algamoney.api.resource.PessoaResource.atualizar(java.lang.Long,com.exemplo.algamoney.api.model.Pessoa)
2018-05-02 23:29:47.373  INFO 13876 --- [restartedMain] s.w.s.m.m.a.RequestMappingHandlerMapping : Mapped "{[/tokens/revoke],methods=[DELETE]}" onto public void com.exemplo.algamoney.api.resource.TokenResource.revoke(javax.servlet.http.HttpServletRequest,javax.servlet.http.HttpServletResponse)
2018-05-02 23:29:47.373  INFO 13876 --- [restartedMain] s.w.s.m.m.a.RequestMappingHandlerMapping : Mapped "{[/error]}" onto public org.springframework.http.ResponseEntity<java.util.Map<java.lang.String, java.lang.Object>> org.springframework.boot.autoconfigure.web.BasicErrorController.error(javax.servlet.http.HttpServletRequest)
2018-05-02 23:29:47.373  INFO 13876 --- [restartedMain] s.w.s.m.m.a.RequestMappingHandlerMapping : Mapped "{[/error],produces=[text/html]}" onto public org.springframework.web.servlet.ModelAndView org.springframework.boot.autoconfigure.web.BasicErrorController.errorHtml(javax.servlet.http.HttpServletRequest,javax.servlet.http.HttpServletResponse)
2018-05-02 23:29:47.404  INFO 13876 --- [restartedMain] o.s.w.s.handler.SimpleUrlHandlerMapping  : Mapped URL path [/webjars/**] onto handler of type [class org.springframework.web.servlet.resource.ResourceHttpRequestHandler]
2018-05-02 23:29:47.404  INFO 13876 --- [restartedMain] o.s.w.s.handler.SimpleUrlHandlerMapping  : Mapped URL path [/**] onto handler of type [class org.springframework.web.servlet.resource.ResourceHttpRequestHandler]
2018-05-02 23:29:47.420  INFO 13876 --- [restartedMain] .m.m.a.ExceptionHandlerExceptionResolver : Detected @ExceptionHandler methods in algamoneyExceptionHandler
2018-05-02 23:29:47.420  INFO 13876 --- [restartedMain] .m.m.a.ExceptionHandlerExceptionResolver : Detected ResponseBodyAdvice implementation in refreshTokenPostProcessor
2018-05-02 23:29:47.436  INFO 13876 --- [restartedMain] o.s.w.s.handler.SimpleUrlHandlerMapping  : Mapped URL path [/**/favicon.ico] onto handler of type [class org.springframework.web.servlet.resource.ResourceHttpRequestHandler]
2018-05-02 23:29:47.706  INFO 13876 --- [restartedMain] o.s.b.d.a.OptionalLiveReloadServer       : LiveReload server is running on port 35729
2018-05-02 23:29:47.753  INFO 13876 --- [restartedMain] o.s.j.e.a.AnnotationMBeanExporter        : Registering beans for JMX exposure on startup
2018-05-02 23:29:47.768  INFO 13876 --- [restartedMain] s.a.ScheduledAnnotationBeanPostProcessor : No TaskScheduler/ScheduledExecutorService bean found for scheduled processing
2018-05-02 23:29:47.768  INFO 13876 --- [pool-2-thread-1] c.e.a.api.service.LancamentoService      : 
2018-05-02 23:29:47.768 DEBUG 13876 --- [pool-2-thread-1] c.e.a.api.service.LancamentoService      : Preparando envio de e-mails de aviso de lançamentos vencidos.
2018-05-02 23:29:47.800  INFO 13876 --- [pool-2-thread-1] o.h.h.i.QueryTranslatorFactoryInitiator  : HHH000397: Using ASTQueryTranslatorFactory
2018-05-02 23:29:47.831  INFO 13876 --- [restartedMain] s.b.c.e.t.TomcatEmbeddedServletContainer : Tomcat started on port(s): 8080 (http)
2018-05-02 23:29:47.846  INFO 13876 --- [restartedMain] c.e.a.api.AlgamoneyApiApplication        : Started AlgamoneyApiApplication in 4.982 seconds (JVM running for 5.688)
2018-05-02 23:29:47.940  INFO 13876 --- [pool-2-thread-1] c.e.a.api.service.LancamentoService      : Exitem 8 lançamentos vencidos.
2018-05-02 23:30:01.661  INFO 13876 --- [pool-2-thread-1] c.e.a.api.service.LancamentoService      : Envio de e-mail de aviso concluído.
2018-05-02 23:30:21.677  INFO 13876 --- [pool-2-thread-1] c.e.a.api.service.LancamentoService      : 
2018-05-02 23:30:21.677 DEBUG 13876 --- [pool-2-thread-1] c.e.a.api.service.LancamentoService      : Preparando envio de e-mails de aviso de lançamentos vencidos.
2018-05-02 23:30:21.712  INFO 13876 --- [pool-2-thread-1] c.e.a.api.service.LancamentoService      : Exitem 8 lançamentos vencidos.
2018-05-02 23:30:40.963  INFO 13876 --- [pool-2-thread-1] c.e.a.api.service.LancamentoService      : Envio de e-mail de aviso concluído.
2018-05-02 23:31:00.978  INFO 13876 --- [pool-2-thread-1] c.e.a.api.service.LancamentoService      : 
2018-05-02 23:31:00.978 DEBUG 13876 --- [pool-2-thread-1] c.e.a.api.service.LancamentoService      : Preparando envio de e-mails de aviso de lançamentos vencidos.
2018-05-02 23:31:00.996  INFO 13876 --- [pool-2-thread-1] c.e.a.api.service.LancamentoService      : Exitem 8 lançamentos vencidos.
2018-05-02 23:31:15.755  INFO 13876 --- [RMI TCP Connection(2)-127.0.0.1] inMXBeanRegistrar$SpringApplicationAdmin : Application shutdown requested.
2018-05-02 23:31:15.755  INFO 13876 --- [RMI TCP Connection(2)-127.0.0.1] ationConfigEmbeddedWebApplicationContext : Closing org.springframework.boot.context.embedded.AnnotationConfigEmbeddedWebApplicationContext@1891bd9: startup date [Wed May 02 23:29:43 BRT 2018]; root of context hierarchy
2018-05-02 23:31:15.764  INFO 13876 --- [RMI TCP Connection(2)-127.0.0.1] o.s.j.e.a.AnnotationMBeanExporter        : Unregistering JMX-exposed beans on shutdown
2018-05-02 23:31:15.764  INFO 13876 --- [RMI TCP Connection(2)-127.0.0.1] j.LocalContainerEntityManagerFactoryBean : Closing JPA EntityManagerFactory for persistence unit 'default'
2018-05-02 23:32:39.331  INFO 4364 --- [restartedMain] c.e.a.api.AlgamoneyApiApplication        : Starting AlgamoneyApiApplication on DESKTOP-9S8QNIE with PID 4364 (D:\Documents\sts-workspace\algamoney-api\target\classes started by Wenceslau Neto in D:\Documents\sts-workspace\algamoney-api)
2018-05-02 23:32:39.331 DEBUG 4364 --- [restartedMain] c.e.a.api.AlgamoneyApiApplication        : Running with Spring Boot v1.5.10.RELEASE, Spring v4.3.14.RELEASE
2018-05-02 23:32:39.331  INFO 4364 --- [restartedMain] c.e.a.api.AlgamoneyApiApplication        : The following profiles are active: basic-security
2018-05-02 23:32:39.518  INFO 4364 --- [restartedMain] ationConfigEmbeddedWebApplicationContext : Refreshing org.springframework.boot.context.embedded.AnnotationConfigEmbeddedWebApplicationContext@67e19e: startup date [Wed May 02 23:32:39 BRT 2018]; root of context hierarchy
2018-05-02 23:32:40.384  INFO 4364 --- [restartedMain] f.a.AutowiredAnnotationBeanPostProcessor : JSR-330 'javax.inject.Inject' annotation found and supported for autowiring
2018-05-02 23:32:40.494  INFO 4364 --- [restartedMain] trationDelegate$BeanPostProcessorChecker : Bean 'org.springframework.transaction.annotation.ProxyTransactionManagementConfiguration' of type [org.springframework.transaction.annotation.ProxyTransactionManagementConfiguration$$EnhancerBySpringCGLIB$$d7f8826b] is not eligible for getting processed by all BeanPostProcessors (for example: not eligible for auto-proxying)
2018-05-02 23:32:40.959  INFO 4364 --- [restartedMain] s.b.c.e.t.TomcatEmbeddedServletContainer : Tomcat initialized with port(s): 8080 (http)
2018-05-02 23:32:40.968  INFO 4364 --- [restartedMain] o.apache.catalina.core.StandardService   : Starting service [Tomcat]
2018-05-02 23:32:40.968  INFO 4364 --- [restartedMain] org.apache.catalina.core.StandardEngine  : Starting Servlet Engine: Apache Tomcat/8.5.27
2018-05-02 23:32:41.062  INFO 4364 --- [localhost-startStop-1] o.a.c.c.C.[Tomcat].[localhost].[/]       : Initializing Spring embedded WebApplicationContext
2018-05-02 23:32:41.062  INFO 4364 --- [localhost-startStop-1] o.s.web.context.ContextLoader            : Root WebApplicationContext: initialization completed in 1544 ms
2018-05-02 23:32:41.250  INFO 4364 --- [localhost-startStop-1] o.s.b.w.servlet.FilterRegistrationBean   : Mapping filter: 'corsFilter' to: [/*]
2018-05-02 23:32:41.250  INFO 4364 --- [localhost-startStop-1] o.s.b.w.servlet.FilterRegistrationBean   : Mapping filter: 'refreshTokenCookiePreProcessorFilter' to: [/*]
2018-05-02 23:32:41.250  INFO 4364 --- [localhost-startStop-1] o.s.b.w.servlet.FilterRegistrationBean   : Mapping filter: 'characterEncodingFilter' to: [/*]
2018-05-02 23:32:41.250  INFO 4364 --- [localhost-startStop-1] o.s.b.w.servlet.FilterRegistrationBean   : Mapping filter: 'hiddenHttpMethodFilter' to: [/*]
2018-05-02 23:32:41.250  INFO 4364 --- [localhost-startStop-1] o.s.b.w.servlet.FilterRegistrationBean   : Mapping filter: 'httpPutFormContentFilter' to: [/*]
2018-05-02 23:32:41.250  INFO 4364 --- [localhost-startStop-1] o.s.b.w.servlet.FilterRegistrationBean   : Mapping filter: 'requestContextFilter' to: [/*]
2018-05-02 23:32:41.250  INFO 4364 --- [localhost-startStop-1] .s.DelegatingFilterProxyRegistrationBean : Mapping filter: 'springSecurityFilterChain' to: [/*]
2018-05-02 23:32:41.250  INFO 4364 --- [localhost-startStop-1] o.s.b.w.servlet.ServletRegistrationBean  : Mapping servlet: 'dispatcherServlet' to [/]
2018-05-02 23:32:41.406  INFO 4364 --- [restartedMain] o.f.core.internal.util.VersionPrinter    : Flyway 3.2.1 by Boxfuse
2018-05-02 23:32:41.546  INFO 4364 --- [restartedMain] o.f.c.i.dbsupport.DbSupportFactory       : Database: jdbc:mysql://localhost/algamoneyapi?createDatabaseIfNotExist=true&useSSL=false (MySQL 5.7)
2018-05-02 23:32:41.578  INFO 4364 --- [restartedMain] o.f.core.internal.command.DbValidate     : Validated 5 migrations (execution time 00:00.016s)
2018-05-02 23:32:41.609  INFO 4364 --- [restartedMain] o.f.core.internal.command.DbMigrate      : Current version of schema `algamoneyapi`: 05
2018-05-02 23:32:41.609  WARN 4364 --- [restartedMain] o.f.core.internal.command.DbMigrate      : Schema `algamoneyapi` has a version (05) that is newer than the latest available migration (04) !
2018-05-02 23:32:41.609  INFO 4364 --- [restartedMain] o.f.core.internal.command.DbMigrate      : Schema `algamoneyapi` is up to date. No migration necessary.
2018-05-02 23:32:41.691  INFO 4364 --- [restartedMain] j.LocalContainerEntityManagerFactoryBean : Building JPA container EntityManagerFactory for persistence unit 'default'
2018-05-02 23:32:41.706  INFO 4364 --- [restartedMain] o.hibernate.jpa.internal.util.LogHelper  : HHH000204: Processing PersistenceUnitInfo [
	name: default
	...]
2018-05-02 23:32:41.753  INFO 4364 --- [restartedMain] org.hibernate.Version                    : HHH000412: Hibernate Core {5.0.12.Final}
2018-05-02 23:32:41.753  INFO 4364 --- [restartedMain] org.hibernate.cfg.Environment            : HHH000206: hibernate.properties not found
2018-05-02 23:32:41.753  INFO 4364 --- [restartedMain] org.hibernate.cfg.Environment            : HHH000021: Bytecode provider name : javassist
2018-05-02 23:32:41.769  INFO 4364 --- [restartedMain] o.hibernate.annotations.common.Version   : HCANN000001: Hibernate Commons Annotations {5.0.1.Final}
2018-05-02 23:32:41.847  INFO 4364 --- [restartedMain] org.hibernate.dialect.Dialect            : HHH000400: Using dialect: org.hibernate.dialect.MySQL5Dialect
2018-05-02 23:32:42.191  INFO 4364 --- [restartedMain] j.LocalContainerEntityManagerFactoryBean : Initialized JPA EntityManagerFactory for persistence unit 'default'
2018-05-02 23:32:42.608  WARN 4364 --- [restartedMain] org.thymeleaf.templatemode.TemplateMode  : [THYMELEAF][restartedMain] Template Mode 'HTML5' is deprecated. Using Template Mode 'HTML' instead.
2018-05-02 23:32:43.034  INFO 4364 --- [restartedMain] o.s.s.web.DefaultSecurityFilterChain     : Creating filter chain: org.springframework.security.web.util.matcher.AnyRequestMatcher@1, [org.springframework.security.web.context.request.async.WebAsyncManagerIntegrationFilter@1dcea75, org.springframework.security.web.context.SecurityContextPersistenceFilter@17b6660, org.springframework.security.web.header.HeaderWriterFilter@131a259, org.springframework.security.web.authentication.logout.LogoutFilter@1aa844d, org.springframework.security.web.authentication.www.BasicAuthenticationFilter@d2f9ee, org.springframework.security.web.savedrequest.RequestCacheAwareFilter@1170b7d, org.springframework.security.web.servletapi.SecurityContextHolderAwareRequestFilter@15c3a3a, org.springframework.security.web.authentication.AnonymousAuthenticationFilter@8a5ac5, org.springframework.security.web.session.SessionManagementFilter@c59cb4, org.springframework.security.web.access.ExceptionTranslationFilter@b04a4f, org.springframework.security.web.access.intercept.FilterSecurityInterceptor@15b3944]
2018-05-02 23:32:43.316  INFO 4364 --- [restartedMain] s.w.s.m.m.a.RequestMappingHandlerAdapter : Looking for @ControllerAdvice: org.springframework.boot.context.embedded.AnnotationConfigEmbeddedWebApplicationContext@67e19e: startup date [Wed May 02 23:32:39 BRT 2018]; root of context hierarchy
2018-05-02 23:32:43.325  INFO 4364 --- [restartedMain] s.w.s.m.m.a.RequestMappingHandlerAdapter : Detected ResponseBodyAdvice bean in refreshTokenPostProcessor
2018-05-02 23:32:43.372  INFO 4364 --- [restartedMain] s.w.s.m.m.a.RequestMappingHandlerMapping : Mapped "{[/categorias/{codigo}],methods=[GET]}" onto public org.springframework.http.ResponseEntity<?> com.exemplo.algamoney.api.resource.CategoriaResource.buscarPeloCodigo(java.lang.Long)
2018-05-02 23:32:43.372  INFO 4364 --- [restartedMain] s.w.s.m.m.a.RequestMappingHandlerMapping : Mapped "{[/categorias],methods=[POST]}" onto public org.springframework.http.ResponseEntity<com.exemplo.algamoney.api.model.Categoria> com.exemplo.algamoney.api.resource.CategoriaResource.criar(com.exemplo.algamoney.api.model.Categoria,javax.servlet.http.HttpServletResponse)
2018-05-02 23:32:43.372  INFO 4364 --- [restartedMain] s.w.s.m.m.a.RequestMappingHandlerMapping : Mapped "{[/categorias],methods=[GET]}" onto public java.util.List<com.exemplo.algamoney.api.model.Categoria> com.exemplo.algamoney.api.resource.CategoriaResource.listar()
2018-05-02 23:32:43.372  INFO 4364 --- [restartedMain] s.w.s.m.m.a.RequestMappingHandlerMapping : Mapped "{[/lancamentos/estatistica/por-categoria],methods=[GET]}" onto public java.util.List<com.exemplo.algamoney.api.dto.LancamentoEstatisticaCategoria> com.exemplo.algamoney.api.resource.LancamentoResource.porCategoria()
2018-05-02 23:32:43.372  INFO 4364 --- [restartedMain] s.w.s.m.m.a.RequestMappingHandlerMapping : Mapped "{[/lancamentos/{codigo}],methods=[PUT]}" onto public org.springframework.http.ResponseEntity<com.exemplo.algamoney.api.model.Lancamento> com.exemplo.algamoney.api.resource.LancamentoResource.atualizar(java.lang.Long,com.exemplo.algamoney.api.model.Lancamento)
2018-05-02 23:32:43.372  INFO 4364 --- [restartedMain] s.w.s.m.m.a.RequestMappingHandlerMapping : Mapped "{[/lancamentos/{codigo}]}" onto public org.springframework.http.ResponseEntity<?> com.exemplo.algamoney.api.resource.LancamentoResource.buscaPorCodigo(java.lang.Long)
2018-05-02 23:32:43.372  INFO 4364 --- [restartedMain] s.w.s.m.m.a.RequestMappingHandlerMapping : Mapped "{[/lancamentos]}" onto public org.springframework.data.domain.Page<com.exemplo.algamoney.api.model.Lancamento> com.exemplo.algamoney.api.resource.LancamentoResource.pesquisar(com.exemplo.algamoney.api.repository.filter.LancamentoFilter,org.springframework.data.domain.Pageable)
2018-05-02 23:32:43.372  INFO 4364 --- [restartedMain] s.w.s.m.m.a.RequestMappingHandlerMapping : Mapped "{[/lancamentos/relatorio/por-pessoa],methods=[GET]}" onto public org.springframework.http.ResponseEntity<byte[]> com.exemplo.algamoney.api.resource.LancamentoResource.relatorioPorPessoa(java.time.LocalDate,java.time.LocalDate) throws java.lang.Exception
2018-05-02 23:32:43.372  INFO 4364 --- [restartedMain] s.w.s.m.m.a.RequestMappingHandlerMapping : Mapped "{[/lancamentos/{codigo}],methods=[DELETE]}" onto public void com.exemplo.algamoney.api.resource.LancamentoResource.remover(java.lang.Long)
2018-05-02 23:32:43.372  INFO 4364 --- [restartedMain] s.w.s.m.m.a.RequestMappingHandlerMapping : Mapped "{[/lancamentos/estatistica/por-dia],methods=[GET]}" onto public java.util.List<com.exemplo.algamoney.api.dto.LancamentoEstatisticaDia> com.exemplo.algamoney.api.resource.LancamentoResource.porDia()
2018-05-02 23:32:43.372  INFO 4364 --- [restartedMain] s.w.s.m.m.a.RequestMappingHandlerMapping : Mapped "{[/lancamentos],methods=[POST]}" onto public org.springframework.http.ResponseEntity<com.exemplo.algamoney.api.model.Lancamento> com.exemplo.algamoney.api.resource.LancamentoResource.criar(com.exemplo.algamoney.api.model.Lancamento,javax.servlet.http.HttpServletResponse)
2018-05-02 23:32:43.372  INFO 4364 --- [restartedMain] s.w.s.m.m.a.RequestMappingHandlerMapping : Mapped "{[/lancamentos],params=[resumo]}" onto public org.springframework.data.domain.Page<com.exemplo.algamoney.api.repository.projection.ResumoLancamento> com.exemplo.algamoney.api.resource.LancamentoResource.resumir(com.exemplo.algamoney.api.repository.filter.LancamentoFilter,org.springframework.data.domain.Pageable)
2018-05-02 23:32:43.372  INFO 4364 --- [restartedMain] s.w.s.m.m.a.RequestMappingHandlerMapping : Mapped "{[/pessoas/{codigo}/ativo],methods=[PUT]}" onto public void com.exemplo.algamoney.api.resource.PessoaResource.atualizarPropriedadeAtivo(java.lang.Long,java.lang.Boolean)
2018-05-02 23:32:43.372  INFO 4364 --- [restartedMain] s.w.s.m.m.a.RequestMappingHandlerMapping : Mapped "{[/pessoas/{codigo}],methods=[GET]}" onto public org.springframework.http.ResponseEntity<?> com.exemplo.algamoney.api.resource.PessoaResource.buscarPorCodigo(java.lang.Long)
2018-05-02 23:32:43.372  INFO 4364 --- [restartedMain] s.w.s.m.m.a.RequestMappingHandlerMapping : Mapped "{[/pessoas/{codigo}],methods=[DELETE]}" onto public void com.exemplo.algamoney.api.resource.PessoaResource.deletePorCodigo(java.lang.Long)
2018-05-02 23:32:43.372  INFO 4364 --- [restartedMain] s.w.s.m.m.a.RequestMappingHandlerMapping : Mapped "{[/pessoas/{codigo}],methods=[PUT]}" onto public org.springframework.http.ResponseEntity<com.exemplo.algamoney.api.model.Pessoa> com.exemplo.algamoney.api.resource.PessoaResource.atualizar(java.lang.Long,com.exemplo.algamoney.api.model.Pessoa)
2018-05-02 23:32:43.372  INFO 4364 --- [restartedMain] s.w.s.m.m.a.RequestMappingHandlerMapping : Mapped "{[/pessoas]}" onto public java.util.List<com.exemplo.algamoney.api.model.Pessoa> com.exemplo.algamoney.api.resource.PessoaResource.pesquisar(com.exemplo.algamoney.api.repository.filter.PessoaFilter)
2018-05-02 23:32:43.372  INFO 4364 --- [restartedMain] s.w.s.m.m.a.RequestMappingHandlerMapping : Mapped "{[/pessoas],methods=[POST]}" onto public org.springframework.http.ResponseEntity<com.exemplo.algamoney.api.model.Pessoa> com.exemplo.algamoney.api.resource.PessoaResource.criar(com.exemplo.algamoney.api.model.Pessoa,javax.servlet.http.HttpServletResponse)
2018-05-02 23:32:43.372  INFO 4364 --- [restartedMain] s.w.s.m.m.a.RequestMappingHandlerMapping : Mapped "{[/tokens/revoke],methods=[DELETE]}" onto public void com.exemplo.algamoney.api.resource.TokenResource.revoke(javax.servlet.http.HttpServletRequest,javax.servlet.http.HttpServletResponse)
2018-05-02 23:32:43.372  INFO 4364 --- [restartedMain] s.w.s.m.m.a.RequestMappingHandlerMapping : Mapped "{[/error]}" onto public org.springframework.http.ResponseEntity<java.util.Map<java.lang.String, java.lang.Object>> org.springframework.boot.autoconfigure.web.BasicErrorController.error(javax.servlet.http.HttpServletRequest)
2018-05-02 23:32:43.372  INFO 4364 --- [restartedMain] s.w.s.m.m.a.RequestMappingHandlerMapping : Mapped "{[/error],produces=[text/html]}" onto public org.springframework.web.servlet.ModelAndView org.springframework.boot.autoconfigure.web.BasicErrorController.errorHtml(javax.servlet.http.HttpServletRequest,javax.servlet.http.HttpServletResponse)
2018-05-02 23:32:43.404  INFO 4364 --- [restartedMain] o.s.w.s.handler.SimpleUrlHandlerMapping  : Mapped URL path [/webjars/**] onto handler of type [class org.springframework.web.servlet.resource.ResourceHttpRequestHandler]
2018-05-02 23:32:43.404  INFO 4364 --- [restartedMain] o.s.w.s.handler.SimpleUrlHandlerMapping  : Mapped URL path [/**] onto handler of type [class org.springframework.web.servlet.resource.ResourceHttpRequestHandler]
2018-05-02 23:32:43.419  INFO 4364 --- [restartedMain] .m.m.a.ExceptionHandlerExceptionResolver : Detected @ExceptionHandler methods in algamoneyExceptionHandler
2018-05-02 23:32:43.419  INFO 4364 --- [restartedMain] .m.m.a.ExceptionHandlerExceptionResolver : Detected ResponseBodyAdvice implementation in refreshTokenPostProcessor
2018-05-02 23:32:43.435  INFO 4364 --- [restartedMain] o.s.w.s.handler.SimpleUrlHandlerMapping  : Mapped URL path [/**/favicon.ico] onto handler of type [class org.springframework.web.servlet.resource.ResourceHttpRequestHandler]
2018-05-02 23:32:43.864  INFO 4364 --- [restartedMain] o.s.b.d.a.OptionalLiveReloadServer       : LiveReload server is running on port 35729
2018-05-02 23:32:43.911  INFO 4364 --- [restartedMain] o.s.j.e.a.AnnotationMBeanExporter        : Registering beans for JMX exposure on startup
2018-05-02 23:32:43.942  INFO 4364 --- [restartedMain] s.a.ScheduledAnnotationBeanPostProcessor : No TaskScheduler/ScheduledExecutorService bean found for scheduled processing
2018-05-02 23:32:43.942  INFO 4364 --- [pool-2-thread-1] teste                                    : 
2018-05-02 23:32:43.958  INFO 4364 --- [pool-2-thread-1] o.h.h.i.QueryTranslatorFactoryInitiator  : HHH000397: Using ASTQueryTranslatorFactory
2018-05-02 23:32:43.973  INFO 4364 --- [restartedMain] s.b.c.e.t.TomcatEmbeddedServletContainer : Tomcat started on port(s): 8080 (http)
2018-05-02 23:32:43.989  INFO 4364 --- [restartedMain] c.e.a.api.AlgamoneyApiApplication        : Started AlgamoneyApiApplication in 4.846 seconds (JVM running for 5.437)
2018-05-02 23:32:44.067  INFO 4364 --- [pool-2-thread-1] teste                                    : Exitem 8 lançamentos vencidos.
2018-05-02 23:32:57.478  INFO 4364 --- [pool-2-thread-1] teste                                    : Envio de e-mail de aviso concluído.
2018-05-02 23:33:17.494  INFO 4364 --- [pool-2-thread-1] teste                                    : 
2018-05-02 23:33:17.528  INFO 4364 --- [pool-2-thread-1] teste                                    : Exitem 8 lançamentos vencidos.
2018-05-02 23:33:29.987  INFO 4364 --- [pool-2-thread-1] teste                                    : Envio de e-mail de aviso concluído.
2018-05-02 23:33:49.994  INFO 4364 --- [pool-2-thread-1] teste                                    : 
2018-05-02 23:33:50.023  INFO 4364 --- [pool-2-thread-1] teste                                    : Exitem 8 lançamentos vencidos.
2018-05-02 23:33:54.144  INFO 4364 --- [RMI TCP Connection(2)-127.0.0.1] inMXBeanRegistrar$SpringApplicationAdmin : Application shutdown requested.
2018-05-02 23:33:54.144  INFO 4364 --- [RMI TCP Connection(2)-127.0.0.1] ationConfigEmbeddedWebApplicationContext : Closing org.springframework.boot.context.embedded.AnnotationConfigEmbeddedWebApplicationContext@67e19e: startup date [Wed May 02 23:32:39 BRT 2018]; root of context hierarchy
2018-05-02 23:33:54.146  INFO 4364 --- [RMI TCP Connection(2)-127.0.0.1] o.s.j.e.a.AnnotationMBeanExporter        : Unregistering JMX-exposed beans on shutdown
2018-05-02 23:33:54.146  INFO 4364 --- [RMI TCP Connection(2)-127.0.0.1] j.LocalContainerEntityManagerFactoryBean : Closing JPA EntityManagerFactory for persistence unit 'default'
2018-05-02 23:34:02.409  INFO 4364 --- [pool-2-thread-1] teste                                    : Envio de e-mail de aviso concluído.
